Validating...
Error when validating world declaration: Error: NPC's location was set twice
Error when validating world declaration: Error: NPC's location was set twice
