Validating...
Quest invalidation occured at instruction 6: NPC is invincible
