Validating...
Quest was validated successfully!
Quest was validated successfully!
