Test 1: Quest was validated successfully!
Test 2: Quest was validated successfully!
Test 3: Quest invalidation occured at instruction 3: NPC does not exist at player's location
